{
   "watch": {
      "my-flow-compass": {
         "files": [
            "bower_components/laxar-uikit/dist/themes/default.theme/scss/*.scss",
            "themes/test.theme/scss/*.scss",
            "themes/test2.theme/scss/*.scss",
            "themes/test2.theme/widgets/default/local_widget/scss/*.scss",
            "themes/test.theme/widgets/default/local_widget/scss/*.scss",
            "widgets/default/local_widget/default.theme/scss/*.scss",
            "widgets/default/local_widget/test.theme/scss/*.scss",
            "widgets/default/local_widget/test2.theme/scss/*.scss",
            "themes/test2.theme/widgets/default/plain_widget/scss/*.scss",
            "themes/test.theme/widgets/default/plain_widget/scss/*.scss",
            "widgets/default/plain_widget/default.theme/scss/*.scss",
            "widgets/default/plain_widget/test.theme/scss/*.scss",
            "widgets/default/plain_widget/test2.theme/scss/*.scss",
            "themes/test2.theme/widgets/default/test_widget/scss/*.scss",
            "themes/test.theme/widgets/default/test_widget/scss/*.scss",
            "widgets/default/test_widget/default.theme/scss/*.scss",
            "widgets/default/test_widget/test.theme/scss/*.scss",
            "widgets/default/test_widget/test2.theme/scss/*.scss",
            "themes/test2.theme/controls/laxar-path-controls/ax-old-style-control/ax-old-style-control/scss/*.scss",
            "themes/test.theme/controls/laxar-path-controls/ax-old-style-control/ax-old-style-control/scss/*.scss",
            "controls/ax-old-style-control/ax-old-style-control/default.theme/scss/*.scss",
            "controls/ax-old-style-control/ax-old-style-control/test.theme/scss/*.scss",
            "controls/ax-old-style-control/ax-old-style-control/test2.theme/scss/*.scss",
            "themes/test2.theme/controls/laxar-path-controls/ax-test-control/scss/*.scss",
            "themes/test.theme/controls/laxar-path-controls/ax-test-control/scss/*.scss",
            "controls/ax-test-control/default.theme/scss/*.scss",
            "controls/ax-test-control/test.theme/scss/*.scss",
            "controls/ax-test-control/test2.theme/scss/*.scss",
            "themes/test2.theme/layouts/example/scss/*.scss",
            "themes/test.theme/layouts/example/scss/*.scss",
            "application/layouts/example/test.theme/scss/*.scss",
            "application/layouts/example/test2.theme/scss/*.scss",
            "application/layouts/example/default.theme/scss/*.scss",
            "themes/test2.theme/layouts/start/scss/*.scss",
            "themes/test.theme/layouts/start/scss/*.scss",
            "application/layouts/start/test.theme/scss/*.scss",
            "application/layouts/start/test2.theme/scss/*.scss",
            "application/layouts/start/default.theme/scss/*.scss"
         ],
         "event": [
            "changed",
            "added"
         ],
         "options": {
            "livereload": false
         }
      }
   }
}
